[0.009s] Invoking command in '/home/amit/humble_ws/src/qcar_updated/build/qcar_updated': CMAKE_PREFIX_PATH=${CMAKE_PREFIX_PATH}:/opt/ros/humble /usr/bin/cmake --build /home/amit/humble_ws/src/qcar_updated/build/qcar_updated -- -j12 -l12
[0.068s] [100%] Built target qcar_critics
[0.077s] Invoked command in '/home/amit/humble_ws/src/qcar_updated/build/qcar_updated' returned '0': CMAKE_PREFIX_PATH=${CMAKE_PREFIX_PATH}:/opt/ros/humble /usr/bin/cmake --build /home/amit/humble_ws/src/qcar_updated/build/qcar_updated -- -j12 -l12
[0.087s] Invoking command in '/home/amit/humble_ws/src/qcar_updated/build/qcar_updated': CMAKE_PREFIX_PATH=${CMAKE_PREFIX_PATH}:/opt/ros/humble /usr/bin/cmake --install /home/amit/humble_ws/src/qcar_updated/build/qcar_updated
[0.091s] -- Install configuration: ""
[0.091s] -- Up-to-date: /home/amit/humble_ws/src/qcar_updated/install/qcar_updated/share/qcar_updated/qcar_critics.xml
[0.092s] -- Up-to-date: /home/amit/humble_ws/src/qcar_updated/install/qcar_updated/lib/libqcar_critics.so
[0.092s] -- Up-to-date: /home/amit/humble_ws/src/qcar_updated/install/qcar_updated/include
[0.092s] -- Up-to-date: /home/amit/humble_ws/src/qcar_updated/install/qcar_updated/include/qcar_updated
[0.092s] -- Up-to-date: /home/amit/humble_ws/src/qcar_updated/install/qcar_updated/include/qcar_updated/critics
[0.092s] -- Up-to-date: /home/amit/humble_ws/src/qcar_updated/install/qcar_updated/include/qcar_updated/critics/early_commit_critic.hpp
[0.092s] -- Up-to-date: /home/amit/humble_ws/src/qcar_updated/install/qcar_updated/share/qcar_updated/urdf
[0.092s] -- Up-to-date: /home/amit/humble_ws/src/qcar_updated/install/qcar_updated/share/qcar_updated/urdf/materials.xacro
[0.092s] -- Up-to-date: /home/amit/humble_ws/src/qcar_updated/install/qcar_updated/share/qcar_updated/urdf/qcar_model.xacro
[0.092s] -- Up-to-date: /home/amit/humble_ws/src/qcar_updated/install/qcar_updated/share/qcar_updated/launch
[0.092s] -- Up-to-date: /home/amit/humble_ws/src/qcar_updated/install/qcar_updated/share/qcar_updated/launch/qcar_slam.launch.py
[0.092s] -- Up-to-date: /home/amit/humble_ws/src/qcar_updated/install/qcar_updated/share/qcar_updated/launch/qcar_updated.launch.py
[0.092s] -- Up-to-date: /home/amit/humble_ws/src/qcar_updated/install/qcar_updated/share/qcar_updated/launch/qcar_nav2.launch.py
[0.093s] -- Up-to-date: /home/amit/humble_ws/src/qcar_updated/install/qcar_updated/share/qcar_updated/launch/__pycache__
[0.093s] -- Up-to-date: /home/amit/humble_ws/src/qcar_updated/install/qcar_updated/share/qcar_updated/launch/__pycache__/qcar_nav2.launch.cpython-310.pyc
[0.093s] -- Up-to-date: /home/amit/humble_ws/src/qcar_updated/install/qcar_updated/share/qcar_updated/launch/__pycache__/qcar_updated.launch.cpython-310.pyc
[0.093s] -- Up-to-date: /home/amit/humble_ws/src/qcar_updated/install/qcar_updated/share/qcar_updated/launch/__pycache__/qcar_slam.launch.cpython-310.pyc
[0.093s] -- Up-to-date: /home/amit/humble_ws/src/qcar_updated/install/qcar_updated/share/qcar_updated/worlds
[0.093s] -- Up-to-date: /home/amit/humble_ws/src/qcar_updated/install/qcar_updated/share/qcar_updated/worlds/square.world
[0.093s] -- Up-to-date: /home/amit/humble_ws/src/qcar_updated/install/qcar_updated/share/qcar_updated/worlds/myworld.world
[0.093s] -- Up-to-date: /home/amit/humble_ws/src/qcar_updated/install/qcar_updated/share/qcar_updated/worlds/empty.world
[0.093s] -- Up-to-date: /home/amit/humble_ws/src/qcar_updated/install/qcar_updated/share/qcar_updated/worlds/rectangle.world
[0.093s] -- Up-to-date: /home/amit/humble_ws/src/qcar_updated/install/qcar_updated/share/qcar_updated/models
[0.093s] -- Up-to-date: /home/amit/humble_ws/src/qcar_updated/install/qcar_updated/share/qcar_updated/models/qcar
[0.093s] -- Up-to-date: /home/amit/humble_ws/src/qcar_updated/install/qcar_updated/share/qcar_updated/models/qcar/QCarLidar.stl
[0.093s] -- Up-to-date: /home/amit/humble_ws/src/qcar_updated/install/qcar_updated/share/qcar_updated/models/qcar/QCarBody.stl
[0.093s] -- Up-to-date: /home/amit/humble_ws/src/qcar_updated/install/qcar_updated/share/qcar_updated/models/qcar/QCarSteeringHubL.stl
[0.093s] -- Up-to-date: /home/amit/humble_ws/src/qcar_updated/install/qcar_updated/share/qcar_updated/models/qcar/QCarWheel.stl
[0.093s] -- Up-to-date: /home/amit/humble_ws/src/qcar_updated/install/qcar_updated/share/qcar_updated/models/qcar/QCarSteeringHubR.stl
[0.093s] -- Up-to-date: /home/amit/humble_ws/src/qcar_updated/install/qcar_updated/share/qcar_updated/config
[0.093s] -- Up-to-date: /home/amit/humble_ws/src/qcar_updated/install/qcar_updated/share/qcar_updated/config/cartographer
[0.093s] -- Up-to-date: /home/amit/humble_ws/src/qcar_updated/install/qcar_updated/share/qcar_updated/config/cartographer/qcar_2d.lua
[0.094s] -- Up-to-date: /home/amit/humble_ws/src/qcar_updated/install/qcar_updated/share/qcar_updated/config/nav2
[0.094s] -- Up-to-date: /home/amit/humble_ws/src/qcar_updated/install/qcar_updated/share/qcar_updated/config/nav2/PARAMS_REFERENCE.md
[0.094s] -- Up-to-date: /home/amit/humble_ws/src/qcar_updated/install/qcar_updated/share/qcar_updated/config/nav2/behavior_trees
[0.094s] -- Up-to-date: /home/amit/humble_ws/src/qcar_updated/install/qcar_updated/share/qcar_updated/config/nav2/behavior_trees/navigate_through_poses_w_replanning_and_recovery.xml
[0.094s] -- Up-to-date: /home/amit/humble_ws/src/qcar_updated/install/qcar_updated/share/qcar_updated/config/nav2/behavior_trees/navigate_to_pose_w_replanning_and_recovery.xml
[0.094s] -- Installing: /home/amit/humble_ws/src/qcar_updated/install/qcar_updated/share/qcar_updated/config/nav2/nav2_params.yaml
[0.094s] -- Up-to-date: /home/amit/humble_ws/src/qcar_updated/install/qcar_updated/share/qcar_updated/rviz
[0.094s] -- Up-to-date: /home/amit/humble_ws/src/qcar_updated/install/qcar_updated/share/qcar_updated/rviz/qcar.rviz
[0.094s] -- Up-to-date: /home/amit/humble_ws/src/qcar_updated/install/qcar_updated/share/qcar_updated/scripts
[0.094s] -- Up-to-date: /home/amit/humble_ws/src/qcar_updated/install/qcar_updated/share/qcar_updated/scripts/qcar_teleop_twist.py
[0.094s] -- Up-to-date: /home/amit/humble_ws/src/qcar_updated/install/qcar_updated/share/qcar_updated/maps
[0.094s] -- Up-to-date: /home/amit/humble_ws/src/qcar_updated/install/qcar_updated/share/qcar_updated/maps/qcar_map.pgm
[0.094s] -- Up-to-date: /home/amit/humble_ws/src/qcar_updated/install/qcar_updated/share/qcar_updated/maps/qcar_map.yaml
[0.094s] -- Up-to-date: /home/amit/humble_ws/src/qcar_updated/install/qcar_updated/lib/qcar_updated/qcar_teleop_twist.py
[0.095s] -- Up-to-date: /home/amit/humble_ws/src/qcar_updated/install/qcar_updated/share/qcar_updated/environment/library_path.sh
[0.095s] -- Up-to-date: /home/amit/humble_ws/src/qcar_updated/install/qcar_updated/share/qcar_updated/environment/library_path.dsv
[0.095s] -- Up-to-date: /home/amit/humble_ws/src/qcar_updated/install/qcar_updated/share/ament_index/resource_index/package_run_dependencies/qcar_updated
[0.095s] -- Up-to-date: /home/amit/humble_ws/src/qcar_updated/install/qcar_updated/share/ament_index/resource_index/parent_prefix_path/qcar_updated
[0.095s] -- Up-to-date: /home/amit/humble_ws/src/qcar_updated/install/qcar_updated/share/qcar_updated/environment/ament_prefix_path.sh
[0.095s] -- Up-to-date: /home/amit/humble_ws/src/qcar_updated/install/qcar_updated/share/qcar_updated/environment/ament_prefix_path.dsv
[0.095s] -- Up-to-date: /home/amit/humble_ws/src/qcar_updated/install/qcar_updated/share/qcar_updated/environment/path.sh
[0.095s] -- Up-to-date: /home/amit/humble_ws/src/qcar_updated/install/qcar_updated/share/qcar_updated/environment/path.dsv
[0.095s] -- Up-to-date: /home/amit/humble_ws/src/qcar_updated/install/qcar_updated/share/qcar_updated/local_setup.bash
[0.095s] -- Up-to-date: /home/amit/humble_ws/src/qcar_updated/install/qcar_updated/share/qcar_updated/local_setup.sh
[0.095s] -- Up-to-date: /home/amit/humble_ws/src/qcar_updated/install/qcar_updated/share/qcar_updated/local_setup.zsh
[0.095s] -- Up-to-date: /home/amit/humble_ws/src/qcar_updated/install/qcar_updated/share/qcar_updated/local_setup.dsv
[0.095s] -- Installing: /home/amit/humble_ws/src/qcar_updated/install/qcar_updated/share/qcar_updated/package.dsv
[0.095s] -- Up-to-date: /home/amit/humble_ws/src/qcar_updated/install/qcar_updated/share/ament_index/resource_index/packages/qcar_updated
[0.095s] -- Up-to-date: /home/amit/humble_ws/src/qcar_updated/install/qcar_updated/share/ament_index/resource_index/nav2_mppi_controller__pluginlib__plugin/qcar_updated
[0.096s] -- Up-to-date: /home/amit/humble_ws/src/qcar_updated/install/qcar_updated/share/qcar_updated/cmake/ament_cmake_export_include_directories-extras.cmake
[0.096s] -- Up-to-date: /home/amit/humble_ws/src/qcar_updated/install/qcar_updated/share/qcar_updated/cmake/ament_cmake_export_libraries-extras.cmake
[0.096s] -- Up-to-date: /home/amit/humble_ws/src/qcar_updated/install/qcar_updated/share/qcar_updated/cmake/ament_cmake_export_dependencies-extras.cmake
[0.096s] -- Up-to-date: /home/amit/humble_ws/src/qcar_updated/install/qcar_updated/share/qcar_updated/cmake/qcar_updatedConfig.cmake
[0.096s] -- Up-to-date: /home/amit/humble_ws/src/qcar_updated/install/qcar_updated/share/qcar_updated/cmake/qcar_updatedConfig-version.cmake
[0.096s] -- Up-to-date: /home/amit/humble_ws/src/qcar_updated/install/qcar_updated/share/qcar_updated/package.xml
[0.096s] Invoked command in '/home/amit/humble_ws/src/qcar_updated/build/qcar_updated' returned '0': CMAKE_PREFIX_PATH=${CMAKE_PREFIX_PATH}:/opt/ros/humble /usr/bin/cmake --install /home/amit/humble_ws/src/qcar_updated/build/qcar_updated
