[0.007s] Invoking command in '/home/amit/humble_ws/src/qcar_initial/build/qcar_initial': CMAKE_PREFIX_PATH=${CMAKE_PREFIX_PATH}:/opt/ros/humble /usr/bin/cmake --build /home/amit/humble_ws/src/qcar_initial/build/qcar_initial -- -j12 -l12
[0.050s] [100%] Built target qcar_critics
[0.057s] Invoked command in '/home/amit/humble_ws/src/qcar_initial/build/qcar_initial' returned '0': CMAKE_PREFIX_PATH=${CMAKE_PREFIX_PATH}:/opt/ros/humble /usr/bin/cmake --build /home/amit/humble_ws/src/qcar_initial/build/qcar_initial -- -j12 -l12
[0.065s] Invoking command in '/home/amit/humble_ws/src/qcar_initial/build/qcar_initial': CMAKE_PREFIX_PATH=${CMAKE_PREFIX_PATH}:/opt/ros/humble /usr/bin/cmake --install /home/amit/humble_ws/src/qcar_initial/build/qcar_initial
[0.069s] -- Install configuration: ""
[0.070s] -- Up-to-date: /home/amit/humble_ws/src/qcar_initial/install/qcar_initial/share/qcar_initial/qcar_critics.xml
[0.070s] -- Up-to-date: /home/amit/humble_ws/src/qcar_initial/install/qcar_initial/lib/libqcar_critics.so
[0.070s] -- Up-to-date: /home/amit/humble_ws/src/qcar_initial/install/qcar_initial/include
[0.070s] -- Up-to-date: /home/amit/humble_ws/src/qcar_initial/install/qcar_initial/include/qcar_initial
[0.070s] -- Up-to-date: /home/amit/humble_ws/src/qcar_initial/install/qcar_initial/include/qcar_initial/critics
[0.070s] -- Up-to-date: /home/amit/humble_ws/src/qcar_initial/install/qcar_initial/include/qcar_initial/critics/early_commit_critic.hpp
[0.070s] -- Up-to-date: /home/amit/humble_ws/src/qcar_initial/install/qcar_initial/share/qcar_initial/urdf
[0.070s] -- Up-to-date: /home/amit/humble_ws/src/qcar_initial/install/qcar_initial/share/qcar_initial/urdf/materials.xacro
[0.070s] -- Up-to-date: /home/amit/humble_ws/src/qcar_initial/install/qcar_initial/share/qcar_initial/urdf/qcar_model.xacro
[0.070s] -- Up-to-date: /home/amit/humble_ws/src/qcar_initial/install/qcar_initial/share/qcar_initial/launch
[0.070s] -- Up-to-date: /home/amit/humble_ws/src/qcar_initial/install/qcar_initial/share/qcar_initial/launch/qcar_slam.launch.py
[0.070s] -- Up-to-date: /home/amit/humble_ws/src/qcar_initial/install/qcar_initial/share/qcar_initial/launch/qcar_initial.launch.py
[0.070s] -- Up-to-date: /home/amit/humble_ws/src/qcar_initial/install/qcar_initial/share/qcar_initial/launch/qcar_nav2.launch.py
[0.070s] -- Up-to-date: /home/amit/humble_ws/src/qcar_initial/install/qcar_initial/share/qcar_initial/launch/__pycache__
[0.070s] -- Up-to-date: /home/amit/humble_ws/src/qcar_initial/install/qcar_initial/share/qcar_initial/launch/__pycache__/qcar_nav2.launch.cpython-310.pyc
[0.070s] -- Up-to-date: /home/amit/humble_ws/src/qcar_initial/install/qcar_initial/share/qcar_initial/launch/__pycache__/qcar_initial.launch.cpython-310.pyc
[0.070s] -- Up-to-date: /home/amit/humble_ws/src/qcar_initial/install/qcar_initial/share/qcar_initial/launch/__pycache__/qcar_slam.launch.cpython-310.pyc
[0.070s] -- Up-to-date: /home/amit/humble_ws/src/qcar_initial/install/qcar_initial/share/qcar_initial/worlds
[0.071s] -- Up-to-date: /home/amit/humble_ws/src/qcar_initial/install/qcar_initial/share/qcar_initial/worlds/square.world
[0.071s] -- Up-to-date: /home/amit/humble_ws/src/qcar_initial/install/qcar_initial/share/qcar_initial/worlds/myworld.world
[0.071s] -- Up-to-date: /home/amit/humble_ws/src/qcar_initial/install/qcar_initial/share/qcar_initial/worlds/empty.world
[0.071s] -- Up-to-date: /home/amit/humble_ws/src/qcar_initial/install/qcar_initial/share/qcar_initial/worlds/rectangle.world
[0.071s] -- Up-to-date: /home/amit/humble_ws/src/qcar_initial/install/qcar_initial/share/qcar_initial/models
[0.071s] -- Up-to-date: /home/amit/humble_ws/src/qcar_initial/install/qcar_initial/share/qcar_initial/models/qcar
[0.071s] -- Up-to-date: /home/amit/humble_ws/src/qcar_initial/install/qcar_initial/share/qcar_initial/models/qcar/QCarLidar.stl
[0.071s] -- Up-to-date: /home/amit/humble_ws/src/qcar_initial/install/qcar_initial/share/qcar_initial/models/qcar/QCarBody.stl
[0.071s] -- Up-to-date: /home/amit/humble_ws/src/qcar_initial/install/qcar_initial/share/qcar_initial/models/qcar/QCarSteeringHubL.stl
[0.071s] -- Up-to-date: /home/amit/humble_ws/src/qcar_initial/install/qcar_initial/share/qcar_initial/models/qcar/QCarWheel.stl
[0.071s] -- Up-to-date: /home/amit/humble_ws/src/qcar_initial/install/qcar_initial/share/qcar_initial/models/qcar/QCarSteeringHubR.stl
[0.071s] -- Up-to-date: /home/amit/humble_ws/src/qcar_initial/install/qcar_initial/share/qcar_initial/config
[0.071s] -- Up-to-date: /home/amit/humble_ws/src/qcar_initial/install/qcar_initial/share/qcar_initial/config/cartographer
[0.071s] -- Up-to-date: /home/amit/humble_ws/src/qcar_initial/install/qcar_initial/share/qcar_initial/config/cartographer/qcar_2d.lua
[0.072s] -- Up-to-date: /home/amit/humble_ws/src/qcar_initial/install/qcar_initial/share/qcar_initial/config/nav2
[0.072s] -- Up-to-date: /home/amit/humble_ws/src/qcar_initial/install/qcar_initial/share/qcar_initial/config/nav2/PARAMS_REFERENCE.md
[0.072s] -- Up-to-date: /home/amit/humble_ws/src/qcar_initial/install/qcar_initial/share/qcar_initial/config/nav2/behavior_trees
[0.072s] -- Up-to-date: /home/amit/humble_ws/src/qcar_initial/install/qcar_initial/share/qcar_initial/config/nav2/behavior_trees/navigate_through_poses_w_replanning_and_recovery.xml
[0.072s] -- Up-to-date: /home/amit/humble_ws/src/qcar_initial/install/qcar_initial/share/qcar_initial/config/nav2/behavior_trees/navigate_to_pose_w_replanning_and_recovery.xml
[0.072s] -- Installing: /home/amit/humble_ws/src/qcar_initial/install/qcar_initial/share/qcar_initial/config/nav2/nav2_params.yaml
[0.072s] -- Up-to-date: /home/amit/humble_ws/src/qcar_initial/install/qcar_initial/share/qcar_initial/rviz
[0.073s] -- Up-to-date: /home/amit/humble_ws/src/qcar_initial/install/qcar_initial/share/qcar_initial/rviz/qcar.rviz
[0.073s] -- Up-to-date: /home/amit/humble_ws/src/qcar_initial/install/qcar_initial/share/qcar_initial/scripts
[0.073s] -- Up-to-date: /home/amit/humble_ws/src/qcar_initial/install/qcar_initial/share/qcar_initial/scripts/qcar_teleop_twist.py
[0.073s] -- Up-to-date: /home/amit/humble_ws/src/qcar_initial/install/qcar_initial/share/qcar_initial/maps
[0.073s] -- Up-to-date: /home/amit/humble_ws/src/qcar_initial/install/qcar_initial/share/qcar_initial/maps/qcar_map.pgm
[0.073s] -- Up-to-date: /home/amit/humble_ws/src/qcar_initial/install/qcar_initial/share/qcar_initial/maps/qcar_map.yaml
[0.073s] -- Up-to-date: /home/amit/humble_ws/src/qcar_initial/install/qcar_initial/lib/qcar_initial/qcar_teleop_twist.py
[0.073s] -- Up-to-date: /home/amit/humble_ws/src/qcar_initial/install/qcar_initial/share/qcar_initial/environment/library_path.sh
[0.073s] -- Up-to-date: /home/amit/humble_ws/src/qcar_initial/install/qcar_initial/share/qcar_initial/environment/library_path.dsv
[0.073s] -- Up-to-date: /home/amit/humble_ws/src/qcar_initial/install/qcar_initial/share/ament_index/resource_index/package_run_dependencies/qcar_initial
[0.074s] -- Up-to-date: /home/amit/humble_ws/src/qcar_initial/install/qcar_initial/share/ament_index/resource_index/parent_prefix_path/qcar_initial
[0.074s] -- Up-to-date: /home/amit/humble_ws/src/qcar_initial/install/qcar_initial/share/qcar_initial/environment/ament_prefix_path.sh
[0.074s] -- Up-to-date: /home/amit/humble_ws/src/qcar_initial/install/qcar_initial/share/qcar_initial/environment/ament_prefix_path.dsv
[0.074s] -- Up-to-date: /home/amit/humble_ws/src/qcar_initial/install/qcar_initial/share/qcar_initial/environment/path.sh
[0.074s] -- Up-to-date: /home/amit/humble_ws/src/qcar_initial/install/qcar_initial/share/qcar_initial/environment/path.dsv
[0.074s] -- Up-to-date: /home/amit/humble_ws/src/qcar_initial/install/qcar_initial/share/qcar_initial/local_setup.bash
[0.074s] -- Up-to-date: /home/amit/humble_ws/src/qcar_initial/install/qcar_initial/share/qcar_initial/local_setup.sh
[0.075s] -- Up-to-date: /home/amit/humble_ws/src/qcar_initial/install/qcar_initial/share/qcar_initial/local_setup.zsh
[0.075s] -- Up-to-date: /home/amit/humble_ws/src/qcar_initial/install/qcar_initial/share/qcar_initial/local_setup.dsv
[0.075s] -- Installing: /home/amit/humble_ws/src/qcar_initial/install/qcar_initial/share/qcar_initial/package.dsv
[0.075s] -- Up-to-date: /home/amit/humble_ws/src/qcar_initial/install/qcar_initial/share/ament_index/resource_index/packages/qcar_initial
[0.075s] -- Up-to-date: /home/amit/humble_ws/src/qcar_initial/install/qcar_initial/share/ament_index/resource_index/nav2_mppi_controller__pluginlib__plugin/qcar_initial
[0.075s] -- Up-to-date: /home/amit/humble_ws/src/qcar_initial/install/qcar_initial/share/qcar_initial/cmake/ament_cmake_export_include_directories-extras.cmake
[0.075s] -- Up-to-date: /home/amit/humble_ws/src/qcar_initial/install/qcar_initial/share/qcar_initial/cmake/ament_cmake_export_libraries-extras.cmake
[0.075s] -- Up-to-date: /home/amit/humble_ws/src/qcar_initial/install/qcar_initial/share/qcar_initial/cmake/ament_cmake_export_dependencies-extras.cmake
[0.075s] -- Up-to-date: /home/amit/humble_ws/src/qcar_initial/install/qcar_initial/share/qcar_initial/cmake/qcar_initialConfig.cmake
[0.075s] -- Up-to-date: /home/amit/humble_ws/src/qcar_initial/install/qcar_initial/share/qcar_initial/cmake/qcar_initialConfig-version.cmake
[0.075s] -- Up-to-date: /home/amit/humble_ws/src/qcar_initial/install/qcar_initial/share/qcar_initial/package.xml
[0.075s] Invoked command in '/home/amit/humble_ws/src/qcar_initial/build/qcar_initial' returned '0': CMAKE_PREFIX_PATH=${CMAKE_PREFIX_PATH}:/opt/ros/humble /usr/bin/cmake --install /home/amit/humble_ws/src/qcar_initial/build/qcar_initial
