[100%] Built target qcar_critics
-- Install configuration: ""
-- Up-to-date: /home/amit/humble_ws/src/qcar_initial/install/qcar_initial/share/qcar_initial/qcar_critics.xml
-- Up-to-date: /home/amit/humble_ws/src/qcar_initial/install/qcar_initial/lib/libqcar_critics.so
-- Up-to-date: /home/amit/humble_ws/src/qcar_initial/install/qcar_initial/include
-- Up-to-date: /home/amit/humble_ws/src/qcar_initial/install/qcar_initial/include/qcar_initial
-- Up-to-date: /home/amit/humble_ws/src/qcar_initial/install/qcar_initial/include/qcar_initial/critics
-- Up-to-date: /home/amit/humble_ws/src/qcar_initial/install/qcar_initial/include/qcar_initial/critics/early_commit_critic.hpp
-- Up-to-date: /home/amit/humble_ws/src/qcar_initial/install/qcar_initial/share/qcar_initial/urdf
-- Up-to-date: /home/amit/humble_ws/src/qcar_initial/install/qcar_initial/share/qcar_initial/urdf/materials.xacro
-- Up-to-date: /home/amit/humble_ws/src/qcar_initial/install/qcar_initial/share/qcar_initial/urdf/qcar_model.xacro
-- Up-to-date: /home/amit/humble_ws/src/qcar_initial/install/qcar_initial/share/qcar_initial/launch
-- Up-to-date: /home/amit/humble_ws/src/qcar_initial/install/qcar_initial/share/qcar_initial/launch/qcar_slam.launch.py
-- Up-to-date: /home/amit/humble_ws/src/qcar_initial/install/qcar_initial/share/qcar_initial/launch/qcar_initial.launch.py
-- Up-to-date: /home/amit/humble_ws/src/qcar_initial/install/qcar_initial/share/qcar_initial/launch/qcar_nav2.launch.py
-- Up-to-date: /home/amit/humble_ws/src/qcar_initial/install/qcar_initial/share/qcar_initial/launch/__pycache__
-- Up-to-date: /home/amit/humble_ws/src/qcar_initial/install/qcar_initial/share/qcar_initial/launch/__pycache__/qcar_nav2.launch.cpython-310.pyc
-- Up-to-date: /home/amit/humble_ws/src/qcar_initial/install/qcar_initial/share/qcar_initial/launch/__pycache__/qcar_initial.launch.cpython-310.pyc
-- Up-to-date: /home/amit/humble_ws/src/qcar_initial/install/qcar_initial/share/qcar_initial/launch/__pycache__/qcar_slam.launch.cpython-310.pyc
-- Up-to-date: /home/amit/humble_ws/src/qcar_initial/install/qcar_initial/share/qcar_initial/worlds
-- Up-to-date: /home/amit/humble_ws/src/qcar_initial/install/qcar_initial/share/qcar_initial/worlds/square.world
-- Up-to-date: /home/amit/humble_ws/src/qcar_initial/install/qcar_initial/share/qcar_initial/worlds/myworld.world
-- Up-to-date: /home/amit/humble_ws/src/qcar_initial/install/qcar_initial/share/qcar_initial/worlds/empty.world
-- Up-to-date: /home/amit/humble_ws/src/qcar_initial/install/qcar_initial/share/qcar_initial/worlds/rectangle.world
-- Up-to-date: /home/amit/humble_ws/src/qcar_initial/install/qcar_initial/share/qcar_initial/models
-- Up-to-date: /home/amit/humble_ws/src/qcar_initial/install/qcar_initial/share/qcar_initial/models/qcar
-- Up-to-date: /home/amit/humble_ws/src/qcar_initial/install/qcar_initial/share/qcar_initial/models/qcar/QCarLidar.stl
-- Up-to-date: /home/amit/humble_ws/src/qcar_initial/install/qcar_initial/share/qcar_initial/models/qcar/QCarBody.stl
-- Up-to-date: /home/amit/humble_ws/src/qcar_initial/install/qcar_initial/share/qcar_initial/models/qcar/QCarSteeringHubL.stl
-- Up-to-date: /home/amit/humble_ws/src/qcar_initial/install/qcar_initial/share/qcar_initial/models/qcar/QCarWheel.stl
-- Up-to-date: /home/amit/humble_ws/src/qcar_initial/install/qcar_initial/share/qcar_initial/models/qcar/QCarSteeringHubR.stl
-- Up-to-date: /home/amit/humble_ws/src/qcar_initial/install/qcar_initial/share/qcar_initial/config
-- Up-to-date: /home/amit/humble_ws/src/qcar_initial/install/qcar_initial/share/qcar_initial/config/cartographer
-- Up-to-date: /home/amit/humble_ws/src/qcar_initial/install/qcar_initial/share/qcar_initial/config/cartographer/qcar_2d.lua
-- Up-to-date: /home/amit/humble_ws/src/qcar_initial/install/qcar_initial/share/qcar_initial/config/nav2
-- Up-to-date: /home/amit/humble_ws/src/qcar_initial/install/qcar_initial/share/qcar_initial/config/nav2/PARAMS_REFERENCE.md
-- Up-to-date: /home/amit/humble_ws/src/qcar_initial/install/qcar_initial/share/qcar_initial/config/nav2/behavior_trees
-- Up-to-date: /home/amit/humble_ws/src/qcar_initial/install/qcar_initial/share/qcar_initial/config/nav2/behavior_trees/navigate_through_poses_w_replanning_and_recovery.xml
-- Up-to-date: /home/amit/humble_ws/src/qcar_initial/install/qcar_initial/share/qcar_initial/config/nav2/behavior_trees/navigate_to_pose_w_replanning_and_recovery.xml
-- Up-to-date: /home/amit/humble_ws/src/qcar_initial/install/qcar_initial/share/qcar_initial/config/nav2/nav2_params.yaml
-- Up-to-date: /home/amit/humble_ws/src/qcar_initial/install/qcar_initial/share/qcar_initial/rviz
-- Up-to-date: /home/amit/humble_ws/src/qcar_initial/install/qcar_initial/share/qcar_initial/rviz/qcar.rviz
-- Up-to-date: /home/amit/humble_ws/src/qcar_initial/install/qcar_initial/share/qcar_initial/scripts
-- Up-to-date: /home/amit/humble_ws/src/qcar_initial/install/qcar_initial/share/qcar_initial/scripts/qcar_teleop_twist.py
-- Up-to-date: /home/amit/humble_ws/src/qcar_initial/install/qcar_initial/share/qcar_initial/maps
-- Up-to-date: /home/amit/humble_ws/src/qcar_initial/install/qcar_initial/share/qcar_initial/maps/qcar_map.pgm
-- Up-to-date: /home/amit/humble_ws/src/qcar_initial/install/qcar_initial/share/qcar_initial/maps/qcar_map.yaml
-- Up-to-date: /home/amit/humble_ws/src/qcar_initial/install/qcar_initial/lib/qcar_initial/qcar_teleop_twist.py
-- Up-to-date: /home/amit/humble_ws/src/qcar_initial/install/qcar_initial/share/qcar_initial/environment/library_path.sh
-- Up-to-date: /home/amit/humble_ws/src/qcar_initial/install/qcar_initial/share/qcar_initial/environment/library_path.dsv
-- Up-to-date: /home/amit/humble_ws/src/qcar_initial/install/qcar_initial/share/ament_index/resource_index/package_run_dependencies/qcar_initial
-- Up-to-date: /home/amit/humble_ws/src/qcar_initial/install/qcar_initial/share/ament_index/resource_index/parent_prefix_path/qcar_initial
-- Up-to-date: /home/amit/humble_ws/src/qcar_initial/install/qcar_initial/share/qcar_initial/environment/ament_prefix_path.sh
-- Up-to-date: /home/amit/humble_ws/src/qcar_initial/install/qcar_initial/share/qcar_initial/environment/ament_prefix_path.dsv
-- Up-to-date: /home/amit/humble_ws/src/qcar_initial/install/qcar_initial/share/qcar_initial/environment/path.sh
-- Up-to-date: /home/amit/humble_ws/src/qcar_initial/install/qcar_initial/share/qcar_initial/environment/path.dsv
-- Up-to-date: /home/amit/humble_ws/src/qcar_initial/install/qcar_initial/share/qcar_initial/local_setup.bash
-- Up-to-date: /home/amit/humble_ws/src/qcar_initial/install/qcar_initial/share/qcar_initial/local_setup.sh
-- Up-to-date: /home/amit/humble_ws/src/qcar_initial/install/qcar_initial/share/qcar_initial/local_setup.zsh
-- Up-to-date: /home/amit/humble_ws/src/qcar_initial/install/qcar_initial/share/qcar_initial/local_setup.dsv
-- Installing: /home/amit/humble_ws/src/qcar_initial/install/qcar_initial/share/qcar_initial/package.dsv
-- Up-to-date: /home/amit/humble_ws/src/qcar_initial/install/qcar_initial/share/ament_index/resource_index/packages/qcar_initial
-- Up-to-date: /home/amit/humble_ws/src/qcar_initial/install/qcar_initial/share/ament_index/resource_index/nav2_mppi_controller__pluginlib__plugin/qcar_initial
-- Up-to-date: /home/amit/humble_ws/src/qcar_initial/install/qcar_initial/share/qcar_initial/cmake/ament_cmake_export_include_directories-extras.cmake
-- Up-to-date: /home/amit/humble_ws/src/qcar_initial/install/qcar_initial/share/qcar_initial/cmake/ament_cmake_export_libraries-extras.cmake
-- Up-to-date: /home/amit/humble_ws/src/qcar_initial/install/qcar_initial/share/qcar_initial/cmake/ament_cmake_export_dependencies-extras.cmake
-- Up-to-date: /home/amit/humble_ws/src/qcar_initial/install/qcar_initial/share/qcar_initial/cmake/qcar_initialConfig.cmake
-- Up-to-date: /home/amit/humble_ws/src/qcar_initial/install/qcar_initial/share/qcar_initial/cmake/qcar_initialConfig-version.cmake
-- Up-to-date: /home/amit/humble_ws/src/qcar_initial/install/qcar_initial/share/qcar_initial/package.xml
